blake3_compress circuit
--
Gates & Instructions
├─ Number of gates: 6,336
└─ Number of evaluation instructions: 0

Constraints
├─ ZERO constraints: 0 used (0.0% of 0)
│  [░░░░░░░░░░] spare: 0
├─ AND constraints: 0 used (0.0% of 2^0)
│  [░░░░░░░░░░] spare: 1
├─ IMUL constraints: 0 used (0.0% of 0)
│  [░░░░░░░░░░] spare: 0
├─ BMUL constraints: 0 used (0.0% of 0)
│  [░░░░░░░░░░] spare: 0
└─ Distinct value indices: 0
   ├─ Distinct shifted value indices: 0
   └─ Distinct unshifted value indices: 0

Value Vector
├─ Public Section: 5 (not committed)
│  ├─ Constants: 5
│  └─ Inout: 0
├─ Private Section: 168
│  ├─ Witness: 168
│  └─ Internal: 0
├─ Committed Trace: 168 used (65.6% of 2^8)
│  [▓▓▓▓▓▓░░░░] spare: 88
└─ Scratch (uncommitted): 18 (peak live: 18)

