blake2b circuit
--
Gates & Instructions
├─ Number of gates: 10,824
└─ Number of evaluation instructions: 10,824

Constraints
├─ ZERO constraints: 3,096 used (75.6% of 2^12)
│  [▓▓▓▓▓▓▓░░░] spare: 1,000
├─ AND constraints: 4,608 used (56.2% of 2^13)
│  [▓▓▓▓▓░░░░░] spare: 3,584
├─ IMUL constraints: 0 used (0.0% of 0)
│  [░░░░░░░░░░] spare: 0
├─ BMUL constraints: 0 used (0.0% of 0)
│  [░░░░░░░░░░] spare: 0
└─ Distinct value indices: 19,651
   ├─ Distinct shifted value indices: 11,810
   └─ Distinct unshifted value indices: 7,841

Value Vector
├─ Public Section: 28 (not committed)
│  ├─ Constants: 28
│  └─ Inout: 0
├─ Private Section: 7,832
│  ├─ Witness: 136
│  └─ Internal: 7,696
├─ Committed Trace: 7,832 used (95.6% of 2^13)
│  [▓▓▓▓▓▓▓▓▓░] spare: 360
└─ Scratch (uncommitted): 25 (peak live: 25)

