blake3 circuit
--
Gates & Instructions
├─ Number of gates: 7,256
└─ Number of evaluation instructions: 7,120

Constraints
├─ ZERO constraints: 1,389 used (67.8% of 2^11)
│  [▓▓▓▓▓▓░░░░] spare: 659
├─ AND constraints: 2,688 used (65.6% of 2^12)
│  [▓▓▓▓▓▓░░░░] spare: 1,408
├─ IMUL constraints: 0 used (0.0% of 0)
│  [░░░░░░░░░░] spare: 0
├─ BMUL constraints: 0 used (0.0% of 0)
│  [░░░░░░░░░░] spare: 0
└─ Distinct value indices: 14,868
   ├─ Distinct shifted value indices: 10,787
   └─ Distinct unshifted value indices: 4,081

Value Vector
├─ Public Section: 281 (not committed)
│  ├─ Constants: 17
│  └─ Inout: 264
├─ Private Section: 4,069
│  ├─ Witness: 0
│  └─ Internal: 4,069
├─ Committed Trace: 4,069 used (99.3% of 2^12)
│  [▓▓▓▓▓▓▓▓▓░] spare: 27
└─ Scratch (uncommitted): 30 (peak live: 30)

