ec_msm circuit
--
Gates & Instructions
├─ Number of gates: 207,242
└─ Number of evaluation instructions: 221,727

Constraints
├─ ZERO constraints: 20,982 used (64.0% of 2^15)
│  [▓▓▓▓▓▓░░░░] spare: 11,786
├─ AND constraints: 112,197 used (85.6% of 2^17)
│  [▓▓▓▓▓▓▓▓░░] spare: 18,875
├─ IMUL constraints: 20,524 used (62.6% of 2^15)
│  [▓▓▓▓▓▓░░░░] spare: 12,244
├─ BMUL constraints: 23,632 used (72.1% of 2^15)
│  [▓▓▓▓▓▓▓░░░] spare: 9,136
└─ Distinct value indices: 370,506
   ├─ Distinct shifted value indices: 183,649
   └─ Distinct unshifted value indices: 186,857

Value Vector
├─ Public Section: 53 (not committed)
│  ├─ Constants: 21
│  └─ Inout: 32
├─ Private Section: 186,809
│  ├─ Witness: 0
│  └─ Internal: 186,809
├─ Committed Trace: 186,809 used (71.3% of 2^18)
│  [▓▓▓▓▓▓▓░░░] spare: 75,335
└─ Scratch (uncommitted): 254 (peak live: 254)

