hashsign circuit
--
Gates & Instructions
├─ Number of gates: 275,391
└─ Number of evaluation instructions: 232,413

Constraints
├─ ZERO constraints: 42,501 used (64.9% of 2^16)
│  [▓▓▓▓▓▓░░░░] spare: 23,035
├─ AND constraints: 61,743 used (94.2% of 2^16)
│  [▓▓▓▓▓▓▓▓▓░] spare: 3,793
├─ IMUL constraints: 0 used (0.0% of 0)
│  [░░░░░░░░░░] spare: 0
├─ BMUL constraints: 44,694 used (68.2% of 2^16)
│  [▓▓▓▓▓▓░░░░] spare: 20,842
└─ Distinct value indices: 419,016
   ├─ Distinct shifted value indices: 270,123
   └─ Distinct unshifted value indices: 148,893

Value Vector
├─ Public Section: 81 (not committed)
│  ├─ Constants: 64
│  └─ Inout: 17
├─ Private Section: 148,841
│  ├─ Witness: 453
│  └─ Internal: 148,388
├─ Committed Trace: 148,841 used (56.8% of 2^18)
│  [▓▓▓▓▓░░░░░] spare: 113,303
└─ Scratch (uncommitted): 729 (peak live: 729)

