sha512 circuit
--
Gates & Instructions
├─ Number of gates: 24,839
└─ Number of evaluation instructions: 24,748

Constraints
├─ ZERO constraints: 2,015 used (98.4% of 2^11)
│  [▓▓▓▓▓▓▓▓▓░] spare: 33
├─ AND constraints: 8,262 used (50.4% of 2^14)
│  [▓▓▓▓▓░░░░░] spare: 8,122
├─ IMUL constraints: 0 used (0.0% of 0)
│  [░░░░░░░░░░] spare: 0
├─ BMUL constraints: 0 used (0.0% of 0)
│  [░░░░░░░░░░] spare: 0
└─ Distinct value indices: 25,054
   ├─ Distinct shifted value indices: 14,555
   └─ Distinct unshifted value indices: 10,499

Value Vector
├─ Public Section: 237 (not committed)
│  ├─ Constants: 101
│  └─ Inout: 136
├─ Private Section: 10,269
│  ├─ Witness: 0
│  └─ Internal: 10,269
├─ Committed Trace: 10,269 used (62.7% of 2^14)
│  [▓▓▓▓▓▓░░░░] spare: 6,115
└─ Scratch (uncommitted): 13 (peak live: 13)

